// Vitest Snapshot v1, https://vitest.dev/guide/snapshot.html

exports[`Navbar Component > should render correctly and match snapshot 1`] = `
<DocumentFragment>
  <nav
    class="navbar mb-20 bg-brand-purple px-4 pt-12"
  >
    <div
      class="container mx-auto"
    >
      <div
        class="navbar-start"
      >
        <a
          href="/"
        >
          <img
            alt="Logo"
            height="50"
            src="/logo.svg"
            width="150"
          />
        </a>
      </div>
      <div
        class="navbar-center hidden lg:flex"
      >
        <div
          class="mb-12 mt-16 flex flex-col items-center lg:mb-0 lg:mt-0 lg:flex-row lg:items-start"
        >
          <a
            class="mb-5 text-lg lg:mb-0 lg:mr-12 lg:text-base"
            href="/"
          >
            <span
              class="text-stone-300 hover:text-stone-100"
            >
              Home
            </span>
          </a>
          <a
            class="mb-5 text-lg lg:mb-0 lg:mr-12 lg:text-base"
            href="#"
          >
            <span
              class="text-stone-300 hover:text-stone-100"
            >
              About
            </span>
          </a>
          <a
            class="mb-5 text-lg lg:mb-0 lg:mr-12 lg:text-base"
            href="#"
          >
            <span
              class="text-stone-300 hover:text-stone-100"
            >
              Publications
            </span>
          </a>
          <a
            class="mb-5 text-lg lg:mb-0 lg:mr-12 lg:text-base"
            href="#"
          >
            <span
              class="text-stone-300 hover:text-stone-100"
            >
              Contact
            </span>
          </a>
        </div>
      </div>
      <div
        class="navbar-end flex"
      >
        <div
          class="lg:hidden"
        >
          <div
            class="drawer"
          >
            <input
              class="drawer-toggle"
              id="drawer-mobile"
              type="checkbox"
            />
            <div
              class="drawer-content"
            >
              <label
                class="drawer-button text-stone-300"
                for="drawer-mobile"
              >
                <svg
                  fill="none"
                  height="38"
                  stroke="currentColor"
                  stroke-linecap="round"
                  stroke-linejoin="round"
                  stroke-width="2"
                  viewBox="0 0 24 24"
                  width="38"
                  xmlns="http://www.w3.org/2000/svg"
                >
                  <line
                    x1="3"
                    x2="21"
                    y1="12"
                    y2="12"
                  />
                  <line
                    x1="3"
                    x2="21"
                    y1="6"
                    y2="6"
                  />
                  <line
                    x1="3"
                    x2="21"
                    y1="18"
                    y2="18"
                  />
                </svg>
              </label>
            </div>
            <div
              class="drawer-side z-30"
            >
              <label
                aria-label="close sidebar"
                class="drawer-overlay"
                for="drawer-mobile"
              />
              <div
                class="menu min-h-full w-80 bg-brand-dark-purple p-4 text-stone-300"
              >
                <div
                  class="mb-12 mt-16 flex flex-col items-center lg:mb-0 lg:mt-0 lg:flex-row lg:items-start"
                >
                  <a
                    class="mb-5 text-lg lg:mb-0 lg:mr-12 lg:text-base"
                    href="/"
                  >
                    <span
                      class="text-stone-300 hover:text-stone-100"
                    >
                      Home
                    </span>
                  </a>
                  <a
                    class="mb-5 text-lg lg:mb-0 lg:mr-12 lg:text-base"
                    href="#"
                  >
                    <span
                      class="text-stone-300 hover:text-stone-100"
                    >
                      About
                    </span>
                  </a>
                  <a
                    class="mb-5 text-lg lg:mb-0 lg:mr-12 lg:text-base"
                    href="#"
                  >
                    <span
                      class="text-stone-300 hover:text-stone-100"
                    >
                      Publications
                    </span>
                  </a>
                  <a
                    class="mb-5 text-lg lg:mb-0 lg:mr-12 lg:text-base"
                    href="#"
                  >
                    <span
                      class="text-stone-300 hover:text-stone-100"
                    >
                      Contact
                    </span>
                  </a>
                </div>
                <a
                  class="btn mx-auto w-2/3 bg-brand-pink text-stone-900 hover:bg-brand-light-pink"
                >
                  Feedback
                </a>
              </div>
            </div>
          </div>
        </div>
        <a
          class="btn hidden bg-brand-pink text-stone-900 hover:bg-brand-light-pink lg:flex"
        >
          Feedback
        </a>
      </div>
    </div>
  </nav>
</DocumentFragment>
`;
