// Vitest Snapshot v1, https://vitest.dev/guide/snapshot.html

exports[`Navbar Component > should render correctly and match snapshot 1`] = `
<DocumentFragment>
  <nav
    class="navbar px-4 pb-20 pt-12 bg-brand-purple"
  >
    <div
      class="container mx-auto"
    >
      <div
        class="navbar-start"
      >
        <a
          class="flex text-xl font-bold text-stone-300"
          href="/"
        >
          NextJS Blog ©
        </a>
      </div>
      <div
        class="navbar-center hidden lg:flex"
      >
        <div
          class="mb-12 mt-16 flex flex-col items-center lg:mb-0 lg:mt-0 lg:flex-row lg:items-start"
        >
          <a
            class="mb-5 text-xl lg:mb-0 lg:mr-12 lg:text-lg"
            href="/"
          >
            <span
              class="text-stone-300 hover:text-stone-100"
            >
              Home
            </span>
          </a>
          <a
            class="mb-5 text-xl lg:mb-0 lg:mr-12 lg:text-lg"
            href="/about"
          >
            <span
              class="text-stone-300 hover:text-stone-100"
            >
              About
            </span>
          </a>
          <a
            class="mb-5 text-xl lg:mb-0 lg:mr-12 lg:text-lg"
            href="/publications"
          >
            <span
              class="text-stone-300 hover:text-stone-100"
            >
              Publications
            </span>
          </a>
        </div>
      </div>
      <div
        class="navbar-end flex"
      >
        <div
          class="lg:hidden"
        >
          <div
            class="drawer"
          >
            <input
              class="drawer-toggle"
              id="drawer-mobile"
              type="checkbox"
            />
            <div
              class="drawer-content z-50"
            >
              <label
                class="drawer-button text-stone-300"
                for="drawer-mobile"
              >
                <svg
                  fill="none"
                  height="38"
                  stroke="currentColor"
                  stroke-linecap="round"
                  stroke-linejoin="round"
                  stroke-width="2"
                  viewBox="0 0 24 24"
                  width="38"
                  xmlns="http://www.w3.org/2000/svg"
                >
                  <line
                    x1="3"
                    x2="21"
                    y1="12"
                    y2="12"
                  />
                  <line
                    x1="3"
                    x2="21"
                    y1="6"
                    y2="6"
                  />
                  <line
                    x1="3"
                    x2="21"
                    y1="18"
                    y2="18"
                  />
                </svg>
              </label>
            </div>
            <div
              class="drawer-side z-50"
            >
              <label
                aria-label="close sidebar"
                class="drawer-overlay"
                for="drawer-mobile"
              />
              <div
                class="menu min-h-full w-80 bg-brand-dark-purple p-4 text-stone-300"
              >
                <div
                  class="mb-12 mt-16 flex flex-col items-center lg:mb-0 lg:mt-0 lg:flex-row lg:items-start"
                >
                  <a
                    class="mb-5 text-xl lg:mb-0 lg:mr-12 lg:text-lg"
                    href="/"
                  >
                    <span
                      class="text-stone-300 hover:text-stone-100"
                    >
                      Home
                    </span>
                  </a>
                  <a
                    class="mb-5 text-xl lg:mb-0 lg:mr-12 lg:text-lg"
                    href="/about"
                  >
                    <span
                      class="text-stone-300 hover:text-stone-100"
                    >
                      About
                    </span>
                  </a>
                  <a
                    class="mb-5 text-xl lg:mb-0 lg:mr-12 lg:text-lg"
                    href="/publications"
                  >
                    <span
                      class="text-stone-300 hover:text-stone-100"
                    >
                      Publications
                    </span>
                  </a>
                </div>
                <a
                  class="btn no-animation mx-auto w-2/3 border-0 bg-brand-pink text-stone-900 hover:bg-brand-light-pink"
                >
                  Leave a Feedback
                </a>
              </div>
            </div>
          </div>
        </div>
        <a
          class="btn no-animation hidden border-0 bg-brand-pink text-stone-900 hover:bg-brand-light-pink lg:flex"
        >
          Leave a Feedback
        </a>
      </div>
    </div>
  </nav>
  <dialog
    class="modal"
  >
    <div
      class="modal-box mt-0 bg-brand-purple"
    >
      <form
        method="dialog"
      >
        <button
          class="btn btn-circle btn-ghost btn-sm absolute right-2 top-2"
        >
          ✕
        </button>
      </form>
      <form
        class="flex flex-col text-gray-200"
        data-testid="form"
      >
        <h2
          class="mb-10 mt-4 text-center text-2xl"
        >
          Please leave your feedback
        </h2>
        <div
          class="mb-5 flex flex-col"
        >
          <input
            class="input input-bordered bg-purple-950 placeholder:text-gray-400"
            name="name"
            placeholder="Your Name"
            type="text"
          />
        </div>
        <div
          class="mb-5 flex flex-col"
        >
          <input
            class="input input-bordered bg-purple-950 placeholder:text-gray-400"
            name="email"
            placeholder="Your Email"
            type="email"
          />
        </div>
        <div
          class="mb-5 flex flex-col"
        >
          <textarea
            class="textarea textarea-bordered resize-none bg-purple-950 p-4 placeholder:text-gray-400"
            name="message"
            placeholder="Your Feedback"
            rows="5"
          />
        </div>
        <button
          class="btn ml-auto mt-4 bg-brand-pink text-stone-900 hover:bg-brand-light-pink"
          disabled=""
          type="submit"
        >
          Submit
        </button>
      </form>
    </div>
  </dialog>
</DocumentFragment>
`;
